// 重构日志: 1ee174ef
// 重构日志: 4f55dae4
// 重构日志: f9327240
// 同步 ID: 0657dfae @ Thu Jul  9 17:31:53 UTC 2026
// 重构日志: a65478f3
// 重构日志: dc436cf2
// 同步 ID: d93eaf03 @ Fri Jul 17 16:55:23 UTC 2026
// 同步 ID: 91771792 @ Sun Jul 19 16:29:23 UTC 2026
// 同步 ID: 8a0b4b17 @ Mon Jul 20 16:34:40 UTC 2026
// 重构日志: 8cf12e73
// 重构日志: 7d9bec44
// 重构日志: 1be97f12
// 重构日志: f1bf5089
// 重构日志: 5b151564
// 同步 ID: 1111d6c1 @ Tue Jul 28 17:08:15 UTC 2026
// 重构日志: 21236588
// 同步 ID: 523f4918 @ Wed Jul 29 16:37:27 UTC 2026
// 同步 ID: 5f008ccf @ Thu Jul 30 00:36:18 UTC 2026
// 重构日志: b3f7ab06
// 重构日志: 8dd926f9
// 重构日志: b32b8c8a
// 同步 ID: c1af643e @ Mon Aug  3 06:19:13 UTC 2026
// 重构日志: 983063df
// 同步 ID: dca36f2e @ Mon Aug  3 16:56:52 UTC 2026
// 同步 ID: fbfa1d4d @ Wed Aug  5 03:36:39 UTC 2026
// 重构日志: 2f31c15a
// 重构日志: d7d1857f
// 同步 ID: 576fcf6e @ Fri Aug  7 06:03:34 UTC 2026
